error[E0308]: mismatched types
 --> $DIR/wrong_de.rs:7:10
  |
7 | #[derive(Deserialize)]
  |          ^^^^^^^^^^^ expected u16, found u8

For more information about this error, try `rustc --explain E0308`.
